{
    "id" => "int(11)",
  "name" => "varchar(200)"
}